Microsoft Windows [Version 10.0.19045.2965]
(c) Microsoft Corporation. All rights reserved.

C:\Users\Lenovo>cd Desktop

C:\Users\Lenovo\Desktop>nodedemo
'nodedemo' is not recognized as an internal or external command,
operable program or batch file.

C:\Users\Lenovo\Desktop>cd nodedemo

C:\Users\Lenovo\Desktop\nodedemo>node
Welcome to Node.js v18.16.0.
Type ".help" for more information.
> npm init
npm should be run outside of the Node.js REPL, in your normal shell.
(Press Ctrl+D to exit.)
>

C:\Users\Lenovo\Desktop\nodedemo>npm init
This utility will walk you through creating a package.json file.
It only covers the most common items, and tries to guess sensible defaults.

See `npm help init` for definitive documentation on these fields
and exactly what they do.

Use `npm install <pkg>` afterwards to install a package and
save it as a dependency in the package.json file.

Press ^C at any time to quit.
package name: (nodedemo) nd
version: (1.0.0)
description: static
entry point: (index.js)
test command:
git repository:
keywords:
author:
license: (ISC)
About to write to C:\Users\Lenovo\Desktop\nodedemo\package.json:

{
  "name": "nd",
  "version": "1.0.0",
  "description": "static",
  "main": "index.js",
  "scripts": {
    "test": "echo \"Error: no test specified\" && exit 1"
  },
  "author": "",
  "license": "ISC"
}


Is this OK? (yes) yes

C:\Users\Lenovo\Desktop\nodedemo>npm i express --save

added 58 packages, and audited 59 packages in 3s

8 packages are looking for funding
  run `npm fund` for details

found 0 vulnerabilities

C:\Users\Lenovo\Desktop\nodedemo>code .

C:\Users\Lenovo\Desktop\nodedemo>

on ps
node index.js